%!Adobe-FontList 1.15
%Locale:0x409

%BeginFont
Handler:DirectoryHandler
FontType:Type1
FontName:FreightTextProMedium-Regular
FamilyName:FreightText Pro
StyleName:Medium
MenuName:FreightText Pro Medium
StyleBits:0
WeightClass:500
WidthClass:5
AngleClass:0
FullName:FreightText Pro Medium
WritingScript:Roman
OutlineFileName:\FreigTexProMed.otf
DataFormat:sfntData
UsesStandardEncoding:yes
isCFF:yes
FileLength:89640
FileModTime:1395260706
NameArray:0,Mac,4,FreightText Pro Medium
NameArray:0,Win,1,FreightText Pro Medium
NameArray:0,Win,16,FreightText Pro
%EndFont

%BeginFont
Handler:DirectoryHandler
FontType:Type1
FontName:FreightTextProMedium-Italic
FamilyName:FreightText Pro
StyleName:Medium Italic
MenuName:FreightText Pro Medium
StyleBits:1
WeightClass:500
WidthClass:5
AngleClass:1
FullName:FreightText Pro Medium Italic
WritingScript:Roman
OutlineFileName:\FreigTexProMedIt.otf
DataFormat:sfntData
UsesStandardEncoding:yes
isCFF:yes
FileLength:102688
FileModTime:1395260706
NameArray:0,Mac,4,FreightText Pro Medium Italic
NameArray:0,Win,1,FreightText Pro Medium
NameArray:0,Win,16,FreightText Pro
%EndFont

%BeginFont
Handler:DirectoryHandler
FontType:Type1
FontName:FreightTextProSemibold-Regular
FamilyName:FreightText Pro
StyleName:Semibold
MenuName:FreightText Pro Semibold
StyleBits:0
WeightClass:600
WidthClass:5
AngleClass:0
FullName:FreightText Pro Semibold
WritingScript:Roman
OutlineFileName:\FreigTexProSem.otf
DataFormat:sfntData
UsesStandardEncoding:yes
isCFF:yes
FileLength:95588
FileModTime:1395260706
NameArray:0,Mac,4,FreightText Pro Semibold
NameArray:0,Win,1,FreightText Pro Semibold
NameArray:0,Win,16,FreightText Pro
%EndFont

%BeginFont
Handler:DirectoryHandler
FontType:Type1
FontName:MinionPro-Regular
FamilyName:Minion Pro
StyleName:Regular
MenuName:Minion Pro
StyleBits:0
WeightClass:400
WidthClass:5
AngleClass:0
FullName:Minion Pro
WritingScript:Roman
OutlineFileName:\MinionPro-Regular.otf
DataFormat:sfntData
UsesStandardEncoding:yes
isCFF:yes
FileLength:218640
FileModTime:1443396874
DesignSize:110
NameArray:0,Mac,4,Minion Pro
NameArray:0,Win,1,Minion Pro
%EndFont

